---
source: crates/spicy_lang/src/parser/mod.rs
assertion_line: 973
expression: "dump_parse(&file_name(path), &src)"
input_file: crates/spicy_lang/test_data/parser/err/lexer_cascade.spl
---
File 0..138
  Block A 0..137
    Let a 14..30
      Binary Sub 22..29
        Path b 22..23 "b"
        Path c 28..29 "c"
    Let d 35..45
      Path e 43..44 "e"
    Let f 50..65
      ExprError 58..64 "10 kΩ"
    Let g 70..81
      ExprError 78..80 ".5"
    Let h 86..123
      ExprError 94..123 "Note { text: \"never closed };"
    Net ok 128..135

--- errors ---
E-lookalike Lookalike 24..27 "−" fix 24..27 "-"
E-unit-space UnitSpace 58..64 "10 kΩ" fix 58..64 "10kΩ"
E-number LeadingDecimalPoint 78..80 ".5" fix 78..80 "0.5"
E-unterminated-string UnterminatedString 107..108 "\""

--- rendered ---
error[E-lookalike]: `−` (U+2212 MINUS SIGN) is not ASCII
  --> lexer_cascade.spl:2:15
  |
2 |     let a = b − c;
  |               ^ looks like `-`
  |
  = help: replace it with `-`

error[E-unit-space]: a unit must touch its number
  --> lexer_cascade.spl:4:13
  |
4 |     let f = 10 kΩ;
  |             ^^^^^ `kΩ` reads as a separate word
  |
  = help: remove the space: `10kΩ`

error[E-number]: a number can't start with `.`
  --> lexer_cascade.spl:5:13
  |
5 |     let g = .5;
  |             ^^ add a leading zero
  |
  = help: write `0.5`

error[E-unterminated-string]: unterminated string
  --> lexer_cascade.spl:6:26
  |
6 |     let h = Note { text: "never closed };
  |                          ^ this string is never closed
  |
  = help: add `"` before the end of the line (a string is one line)
