---
source: crates/spicy_lang/src/parser/mod.rs
assertion_line: 1197
expression: "dump_parse(&file_name(path), &src)"
input_file: crates/spicy_lang/test_data/parser/err/wrong_body.spl
---
File 0..92
  Circuit A 0..64
    Setup = Operating 16..34
    Spec s Within 39..62
      Path x 47..48 "x"
      Range a..=b 56..61
        Quantity 1e0 56..57 "1"
        Quantity 2e0 60..61 "2"
  Contract A 66..91
    Net n 83..89

--- errors ---
E-wrong-body WrongBody 16..21 "setup"
E-wrong-body WrongBody 39..43 "spec"
E-wrong-body WrongBody 83..86 "net"

--- rendered ---
error[E-wrong-body]: `setup` doesn't belong in a `circuit`
  --> wrong_body.spl:2:5
  |
2 |     setup = Operating;
  |     ^^^^^ `setup` belongs in the contract

error[E-wrong-body]: `spec` doesn't belong in a `circuit`
  --> wrong_body.spl:3:5
  |
3 |     spec s: x within 1..=2;
  |     ^^^^ `spec` belongs in the contract

error[E-wrong-body]: `net` doesn't belong in a `contract`
  --> wrong_body.spl:7:5
  |
7 |     net n;
  |     ^^^ `net` belongs in the circuit
