---
source: crates/spicy_lang/src/parser/mod.rs
assertion_line: 1059
expression: "dump_parse(&file_name(path), &src)"
input_file: crates/spicy_lang/test_data/parser/err/unclosed.spl
---
File 0..45
  Circuit A 0..44
    Let r 16..44
      ExprError 24..44 "Resistor { a: f(1, 2"

--- errors ---
E-syntax Unclosed 45..45 "" related 39..40

--- rendered ---
error[E-syntax]: expected `)`
  --> unclosed.spl:3:1
  |
2 |     let r = Resistor { a: f(1, 2
  |                            - …to close this
3 | 
  | ^ expected `)` here
