---
source: crates/spicy_lang/src/parser/mod.rs
assertion_line: 973
expression: "dump_parse(&file_name(path), &src)"
input_file: crates/spicy_lang/test_data/parser/err/spec_needs_name.spl
---
File 0..79
  Contract A 0..78
    StmtError 17..47 "spec dc(out.v) within 1V..=2V;"
    Spec ok Within 52..76
      Path x 61..62 "x"
      Binary Range 70..75
        Quantity 1e0 70..71 "1"
        Quantity 2e0 74..75 "2"

--- errors ---
E-syntax SpecNeedsName 22..24 "dc"

--- rendered ---
error[E-syntax]: a spec needs a name
  --> spec_needs_name.spl:2:10
  |
2 |     spec dc(out.v) within 1V..=2V;
  |          ^^ expected a name before the measure
  |
  = help: write `spec name: measure within bound;`
