---
source: crates/spicy_lang/src/parser/mod.rs
assertion_line: 973
expression: "dump_parse(&file_name(path), &src)"
input_file: crates/spicy_lang/test_data/parser/err/wrong_body.spl
---
File 0..127
  Block A 0..74
    Assume Within 14..44
      Field .v 21..26
        Path vcc 21..24 "vcc"
      Binary Tol 34..43
        Quantity 1.2e1 V 34..37 "12V"
        Quantity 5e0 % 41..43 "5%"
    Spec s Within 49..72
      Path x 57..58 "x"
      Binary Range 66..71
        Quantity 1e0 66..67 "1"
        Quantity 2e0 70..71 "2"
  Contract A 76..126
    Port vcc 93..113
      Type Power 103..112 "Power<In>"
        Type In 109..111 "In"
    Net n 118..124

--- errors ---
E-wrong-body WrongBody 14..20 "assume"
E-wrong-body WrongBody 49..53 "spec"
E-wrong-body WrongBody 93..97 "port"
E-wrong-body WrongBody 118..121 "net"

--- rendered ---
error[E-wrong-body]: `assume` doesn't belong in a `block`
  --> wrong_body.spl:2:5
  |
2 |     assume vcc.v within 12V ± 5%;
  |     ^^^^^^ `assume` belongs in the contract

error[E-wrong-body]: `spec` doesn't belong in a `block`
  --> wrong_body.spl:3:5
  |
3 |     spec s: x within 1..=2;
  |     ^^^^ `spec` belongs in the contract

error[E-wrong-body]: `port` doesn't belong in a `contract`
  --> wrong_body.spl:7:5
  |
7 |     port vcc: Power<In>;
  |     ^^^^ `port` belongs in the block

error[E-wrong-body]: `net` doesn't belong in a `contract`
  --> wrong_body.spl:8:5
  |
8 |     net n;
  |     ^^^ `net` belongs in the block
