---
source: crates/spicy_lang/src/parser/mod.rs
assertion_line: 1059
expression: "dump_parse(&file_name(path), &src)"
input_file: crates/spicy_lang/test_data/parser/err/field_equals.spl
---
File 0..57
  Circuit A 0..56
    Let r 16..54
      StructLit Resistor 24..53
        Field a 35..42
          Path vcc 39..42 "vcc"
        Field b 44..51
          Path base 47..51 "base"

--- errors ---
E-syntax FieldEquals 37..38 "=" fix 37..38 ":"

--- rendered ---
error[E-syntax]: fields use `:`, not `=`
  --> field_equals.spl:2:26
  |
2 |     let r = Resistor { a = vcc, b: base };
  |                          ^ write `:` here
