---
source: crates/spicy_lang/src/parser/mod.rs
assertion_line: 1059
expression: "dump_parse(&file_name(path), &src)"
input_file: crates/spicy_lang/test_data/parser/err/missing_brace.spl
---
File 0..380
  Block Child 229..253
    Port a 245..251
      Type Pin 248..251 "Pin"
  Circuit Child 255..315
    Let r 273..313
      StructLit Resistor 281..312
        Field a (shorthand) 292..293
        Field b 295..299
          Path a 298..299 "a"
        Field value 301..310
          Quantity 1e3 308..310 "1k"
  Block Top 317..337
    Port a 329..335
      Type Pin 332..335 "Pin"
  Circuit Top 339..379
    Let c 357..377
      StructLit Child 365..376
        Field a (shorthand) 373..374

--- errors ---
E-syntax MissingBrace 235..240 "Child" fix 240..240 " {"
E-syntax MissingBrace 263..268 "Child" fix 268..268 " {"

--- rendered ---
error[E-syntax]: expected `{`
  --> missing_brace.spl:4:7
  |
4 | block Child
  |       ^^^^^ `{` goes after the name
  |
  = help: add `{` after the name

error[E-syntax]: expected `{`
  --> missing_brace.spl:7:9
  |
7 | circuit Child
  |         ^^^^^ `{` goes after the name
  |
  = help: add `{` after the name
