---
source: crates/spicy_lang/src/parser/mod.rs
expression: "dump_parse(\"ce_amp.spl\", src)"
---
File 0..1020
  Block CeAmp 0..635
    Doc 0..49 "/// Common-emitter audio stage (walkthrough §1)."
    Port vcc 68..88
      Type Power 78..87 "Power<In>"
        Type In 84..86 "In"
    Port gnd 93..110
      Type Ground 103..109 "Ground"
    Port input 115..138
      Type Analog 127..137 "Analog<In>"
        Type In 134..136 "In"
    Port output 143..168
      Type Analog 156..167 "Analog<Out>"
        Type Out 163..166 "Out"
    Net base 174..183
    Net emitter 188..200
    Let r1 206..305
      Doc 206..244 "/// Divider holds the base near 2.1 V."
      StructLit Resistor 258..304
        Field a 269..275
          Path vcc 272..275 "vcc"
        Field b 277..284
          Path base 280..284 "base"
        Field value 286..302
          Binary Tol 293..302
            Quantity 4.7e4 293..296 "47k"
            Quantity 1e0 % 300..302 "1%"
    Let r2 310..366
      StructLit Resistor 319..365
        Field a 330..337
          Path base 333..337 "base"
        Field b 339..345
          Path gnd 342..345 "gnd"
        Field value 347..363
          Binary Tol 354..363
            Quantity 1e4 354..357 "10k"
            Quantity 1e0 % 361..363 "1%"
    Let rc 371..430
      StructLit Resistor 380..429
        Field a 391..397
          Path vcc 394..397 "vcc"
        Field b 399..408
          Path output 402..408 "output"
        Field value 410..427
          Binary Tol 417..427
            Quantity 4.7e3 417..421 "4.7k"
            Quantity 1e0 % 425..427 "1%"
    Let re 435..493
      StructLit Resistor 444..492
        Field a 455..465
          Path emitter 458..465 "emitter"
        Field b 467..473
          Path gnd 470..473 "gnd"
        Field value 475..490
          Binary Tol 482..490
            Quantity 1e3 482..484 "1k"
            Quantity 1e0 % 488..490 "1%"
    Let c_in 498..563
      StructLit Electrolytic 509..562
        Field p 524..531
          Path base 527..531 "base"
        Field n 533..541
          Path input 536..541 "input"
        Field value 543..560
          Binary Tol 550..560
            Quantity 1e-6 F 550..553 "1uF"
            Quantity 2e1 % 557..560 "20%"
    Let q1 568..633
      StructLit Npn 577..632
        Field c 583..592
          Path output 586..592 "output"
        Field b 594..601
          Path base 597..601 "base"
        Field e 603..613
          Path emitter 606..613 "emitter"
        Field beta 615..630
          Binary Range 621..630
            Quantity 1e2 621..624 "100"
            Quantity 3e2 627..630 "300"
  Contract CeAmp 637..1019
    Assume In 658..688
      Path temp 665..669 "temp"
      Binary Range 673..687
        Neg 673..679
          Quantity 1e1 °C 674..679 "10°C"
        Quantity 6e1 °C 682..687 "60°C"
    Assume In 693..719
      Field .v 700..705
        Path vcc 700..703 "vcc"
      Binary Tol 709..718
        Quantity 1.2e1 V 709..712 "12V"
        Quantity 5e0 % 716..718 "5%"
    Let h 725..756
      Call 733..755
        Path ac 733..735 "ac"
        Binary Div 736..754
          Field .v 736..744
            Path output 736..742 "output"
          Field .v 747..754
            Path input 747..752 "input"
    Spec bias In 762..862
      Doc 762..818 "/// Room for the output to swing ±1 V without clipping."
      Call 834..846
        Path dc 834..836 "dc"
        Field .v 837..845
          Path output 837..843 "output"
      Binary Range 850..861
        Quantity 4.5e0 V 850..854 "4.5V"
        Quantity 6.5e0 V 857..861 "6.5V"
    Spec gain In 867..951
      Doc 867..905 "/// The next stage expects this level."
      Call 921..937
        Field .mag 921..935
          Call 921..931
            Field .at 921..925
              Path h 921..922 "h"
            Quantity 1e3 Hz 926..930 "1kHz"
      Binary Tol 941..950
        Quantity 4.6e0 941..944 "4.6"
        Quantity 5e0 % 948..950 "5%"
    Spec bass Le 956..1017
      Doc 956..979 "/// Don't cut the bass."
      Call 995..1008
        Field .f_low 995..1002
          Path h 995..996 "h"
        Neg 1003..1007
          Quantity 3e0 dB 1004..1007 "3dB"
      Quantity 3e1 Hz 1012..1016 "30Hz"
