---
source: crates/spicy_lang/src/parser/mod.rs
assertion_line: 1059
expression: "dump_parse(&file_name(path), &src)"
input_file: crates/spicy_lang/test_data/parser/err/reserved_in_expression.spl
---
File 0..80
  Circuit A 0..79
    Let x 16..29
      ExprError 24..28 "true"
    Let y 34..49
      ExprError 42..48 "self.a"
    StmtError 54..65 "let fn = 1;"
    Net ok 70..77

--- errors ---
E-reserved Reserved 24..28 "true"
E-reserved Reserved 42..46 "self"
E-reserved Reserved 58..60 "fn"

--- rendered ---
error[E-reserved]: `true` isn't supported yet
  --> reserved_in_expression.spl:2:13
  |
2 |     let x = true;
  |             ^^^^ reserved for a later version of the language

error[E-reserved]: `self` isn't supported yet
  --> reserved_in_expression.spl:3:13
  |
3 |     let y = self.a;
  |             ^^^^ reserved for a later version of the language

error[E-reserved]: `fn` isn't supported yet
  --> reserved_in_expression.spl:4:9
  |
4 |     let fn = 1;
  |         ^^ reserved for a later version of the language
