---
source: crates/spicy_lang/src/elaborate.rs
assertion_line: 90
expression: "dump_elaborate(&file_name(path), &src)"
input_file: crates/spicy_lang/test_data/flatten/err/unchecked_root.spl
---
root One
  net gnd (ground)  aliases a.gnd
  Resistor a.short a→gnd b→gnd value=1 kΩ
root Two
  net gnd (ground)  aliases c.gnd
  Resistor c.short a→gnd b→gnd value=1 kΩ

--- errors ---
W-short ShortedPart 278..329 "let short = Resistor { a: gnd, b: gnd, value: 1k };"
E-name UnknownName 485..492 "Nothing"

--- rendered ---
warning[W-short]: both pins of `short` are on one net (in `Mid`)
  --> unchecked_root.spl:7:5
  |
7 |     let short = Resistor { a: gnd, b: gnd, value: 1k };
  |     ^^^^^^^^^^^^^^^^^^^^^^^^^^^^^^^^^^^^^^^^^^^^^^^^^^^ shorted

error[E-name]: unknown part kind or block `Nothing`
   --> unchecked_root.spl:20:18
   |
20 |     let broken = Nothing { gnd };
   |                  ^^^^^^^ not defined
