---
source: crates/spicy_lang/src/elaborate.rs
expression: "dump_elaborate(&file_name(path), &src)"
input_file: crates/spicy_lang/test_data/flatten/err/isolated.spl
---
root Island
  net g (ground)
  net input
  net x
  net y
  net z
  Resistor alone a→x b→y value=1000 Ω
  Capacitor c a→y b→x value=0.000001 F
  Resistor driven a→input b→g value=1000 Ω
  Resistor r a→z b→z value=1000 Ω

--- errors ---
W-isolated IsolatedNets 213..214 "x"
W-isolated IsolatedNets 235..236 "z"
W-short ShortedPart 400..443 "let r = Resistor { a: z, b: z, value: 1k };"

--- rendered ---
warning[W-isolated]: `x` and `y` are connected to nothing that reaches ground
  --> isolated.spl:6:9
  |
6 |     net x;
  |         ^ isolated
  |
  = note: a simulation can't solve an isolated net

warning[W-isolated]: `z` is connected to nothing that reaches ground
  --> isolated.spl:8:9
  |
8 |     net z;
  |         ^ isolated
  |
  = note: a simulation can't solve an isolated net

warning[W-short]: both pins of `r` are on one net
   --> isolated.spl:12:5
   |
12 |     let r = Resistor { a: z, b: z, value: 1k };
   |     ^^^^^^^^^^^^^^^^^^^^^^^^^^^^^^^^^^^^^^^^^^^ shorted
