---
source: crates/spicy_lang/src/elaborate.rs
expression: "dump_elaborate(&file_name(path), &src)"
input_file: crates/spicy_lang/test_data/flatten/err/recursion.spl
---
root Diamond
  net g (ground)  aliases left.g, right.g, left.leaf.g, right.leaf.g

--- errors ---
E-recursion RecursivePlacement 208..215 "Selfish" related 162..169
E-recursion RecursivePlacement 452..456 "Ping" related 347..351

--- rendered ---
error[E-recursion]: `Selfish` places itself: Selfish → Selfish
  --> recursion.spl:5:17
  |
3 | block Selfish {
  |       ------- defined here
4 |     port g: Ground;
5 |     let again = Selfish { g };
  |                 ^^^^^^^ places `Selfish` again
  |
  = note: a block can't contain itself, directly or through others

error[E-recursion]: `Ping` places itself: Ping → Pong → Ping
   --> recursion.spl:17:16
   |
10 | block Ping {
   |       ---- defined here
   .
17 |     let ping = Ping { g };
   |                ^^^^ places `Ping` again
   |
   = note: a block can't contain itself, directly or through others
