---
source: crates/spicy_lang/src/elaborate.rs
expression: "dump_elaborate(&file_name(path), &src)"
input_file: crates/spicy_lang/test_data/flatten/ok/naming.spl
---
root Top
  net g (ground)  aliases c.g
  net p  aliases q
  net sum  aliases a, b
  net x  aliases y, m
  net zzz  aliases c.aaa
  Resistor r1 a→zzz b→p value=1000 Ω
  Resistor r2 a→sum b→x value=1000 Ω
  Resistor r3 a→sum b→g value=1000 Ω
  Resistor r4 a→sum b→g value=1000 Ω
  Resistor r5 a→x b→g value=1000 Ω
  Resistor c.r a→zzz b→g value=1000 Ω
