---
source: crates/spicy_lang/src/elaborate.rs
assertion_line: 88
expression: "dump_elaborate(&file_name(path), &src)"
input_file: crates/spicy_lang/test_data/flatten/err/cycle_stops_checks.spl
---
root Board
  net g (ground)  aliases p.g
  net x  aliases p.x

--- errors ---
E-recursion RecursivePlacement 404..408 "Ping" related 264..268

--- rendered ---
error[E-recursion]: `Ping` places itself: Ping → Pong → Ping
   --> cycle_stops_checks.spl:19:16
   |
10 | block Ping { g: Ground, x: Pin }
   |       ---- defined here
   .
19 |     let ping = Ping { g, x };
   |                ^^^^ places `Ping` again
   |
   = note: a block can't contain itself, directly or through others
