---
source: crates/spicy_netlist/src/reader/instance_parser.rs
assertion_line: 1267
expression: deck
---
Deck {
    title: "waveforms coverage for independent sources",
    node_mapping: NodeMapping {
        nodes: [
            NodeName(
                "0",
            ),
            NodeName(
                "in",
            ),
            NodeName(
                "out",
            ),
        ],
    },
    commands: [],
    devices: Devices {
        resistors: [],
        capacitors: [],
        inductors: [],
        diodes: [],
        voltage_sources: [
            IndependentSourceSpec {
                name: "V1",
                positive: NodeIndex(
                    1,
                ),
                negative: NodeIndex(
                    0,
                ),
                dc: Some(
                    Constant(
                        Value {
                            value: 10.0,
                            exponent: None,
                            suffix: Some(
                                Kilo,
                            ),
                            scaled: 10000.0,
                        },
                    ),
                ),
                ac: None,
            },
            IndependentSourceSpec {
                name: "V1",
                positive: NodeIndex(
                    1,
                ),
                negative: NodeIndex(
                    0,
                ),
                dc: Some(
                    Constant(
                        Value {
                            value: 10.0,
                            exponent: None,
                            suffix: Some(
                                Kilo,
                            ),
                            scaled: 10000.0,
                        },
                    ),
                ),
                ac: None,
            },
            IndependentSourceSpec {
                name: "V1",
                positive: NodeIndex(
                    1,
                ),
                negative: NodeIndex(
                    0,
                ),
                dc: Some(
                    Constant(
                        Value {
                            value: 10.0,
                            exponent: None,
                            suffix: Some(
                                Kilo,
                            ),
                            scaled: 10000.0,
                        },
                    ),
                ),
                ac: Some(
                    Phasor {
                        mag: Value {
                            value: 3.0,
                            exponent: None,
                            suffix: None,
                            scaled: 3.0,
                        },
                        phase: Some(
                            Value {
                                value: 0.0,
                                exponent: None,
                                suffix: None,
                                scaled: 0.0,
                            },
                        ),
                    },
                ),
            },
            IndependentSourceSpec {
                name: "V1",
                positive: NodeIndex(
                    1,
                ),
                negative: NodeIndex(
                    0,
                ),
                dc: Some(
                    Pulse {
                        voltage1: Value {
                            value: 0.0,
                            exponent: None,
                            suffix: None,
                            scaled: 0.0,
                        },
                        voltage2: Value {
                            value: 5.0,
                            exponent: None,
                            suffix: None,
                            scaled: 5.0,
                        },
                        delay: None,
                        rise_time: None,
                        fall_time: None,
                        pulse_width: None,
                        period: None,
                        number_of_pulses: None,
                    },
                ),
                ac: None,
            },
            IndependentSourceSpec {
                name: "V2",
                positive: NodeIndex(
                    1,
                ),
                negative: NodeIndex(
                    0,
                ),
                dc: Some(
                    Pulse {
                        voltage1: Value {
                            value: 0.0,
                            exponent: None,
                            suffix: None,
                            scaled: 0.0,
                        },
                        voltage2: Value {
                            value: 5.0,
                            exponent: None,
                            suffix: None,
                            scaled: 5.0,
                        },
                        delay: Some(
                            Value {
                                value: 1.0,
                                exponent: None,
                                suffix: Some(
                                    Micro,
                                ),
                                scaled: 1e-6,
                            },
                        ),
                        rise_time: Some(
                            Value {
                                value: 2.0,
                                exponent: None,
                                suffix: Some(
                                    Micro,
                                ),
                                scaled: 2e-6,
                            },
                        ),
                        fall_time: Some(
                            Value {
                                value: 3.0,
                                exponent: None,
                                suffix: Some(
                                    Micro,
                                ),
                                scaled: 3e-6,
                            },
                        ),
                        pulse_width: Some(
                            Value {
                                value: 10.0,
                                exponent: None,
                                suffix: Some(
                                    Micro,
                                ),
                                scaled: 1e-5,
                            },
                        ),
                        period: None,
                        number_of_pulses: None,
                    },
                ),
                ac: None,
            },
            IndependentSourceSpec {
                name: "V3",
                positive: NodeIndex(
                    1,
                ),
                negative: NodeIndex(
                    0,
                ),
                dc: Some(
                    Pulse {
                        voltage1: Value {
                            value: 0.0,
                            exponent: None,
                            suffix: None,
                            scaled: 0.0,
                        },
                        voltage2: Value {
                            value: 5.0,
                            exponent: None,
                            suffix: None,
                            scaled: 5.0,
                        },
                        delay: Some(
                            Value {
                                value: 1.0,
                                exponent: None,
                                suffix: Some(
                                    Micro,
                                ),
                                scaled: 1e-6,
                            },
                        ),
                        rise_time: Some(
                            Value {
                                value: 2.0,
                                exponent: None,
                                suffix: Some(
                                    Micro,
                                ),
                                scaled: 2e-6,
                            },
                        ),
                        fall_time: Some(
                            Value {
                                value: 2.0,
                                exponent: None,
                                suffix: Some(
                                    Micro,
                                ),
                                scaled: 2e-6,
                            },
                        ),
                        pulse_width: Some(
                            Value {
                                value: 4.0,
                                exponent: None,
                                suffix: Some(
                                    Micro,
                                ),
                                scaled: 4e-6,
                            },
                        ),
                        period: Some(
                            Value {
                                value: 10.0,
                                exponent: None,
                                suffix: Some(
                                    Micro,
                                ),
                                scaled: 1e-5,
                            },
                        ),
                        number_of_pulses: Some(
                            3,
                        ),
                    },
                ),
                ac: None,
            },
            IndependentSourceSpec {
                name: "V4",
                positive: NodeIndex(
                    1,
                ),
                negative: NodeIndex(
                    0,
                ),
                dc: Some(
                    Pulse {
                        voltage1: Value {
                            value: 0.0,
                            exponent: None,
                            suffix: None,
                            scaled: 0.0,
                        },
                        voltage2: Value {
                            value: 3.3,
                            exponent: None,
                            suffix: None,
                            scaled: 3.3,
                        },
                        delay: Some(
                            Value {
                                value: 5.0,
                                exponent: None,
                                suffix: Some(
                                    Nano,
                                ),
                                scaled: 5e-9,
                            },
                        ),
                        rise_time: Some(
                            Value {
                                value: 1.0,
                                exponent: None,
                                suffix: Some(
                                    Nano,
                                ),
                                scaled: 1e-9,
                            },
                        ),
                        fall_time: Some(
                            Value {
                                value: 1.0,
                                exponent: None,
                                suffix: Some(
                                    Nano,
                                ),
                                scaled: 1e-9,
                            },
                        ),
                        pulse_width: Some(
                            Value {
                                value: 20.0,
                                exponent: None,
                                suffix: Some(
                                    Nano,
                                ),
                                scaled: 2e-8,
                            },
                        ),
                        period: Some(
                            Value {
                                value: 50.0,
                                exponent: None,
                                suffix: Some(
                                    Nano,
                                ),
                                scaled: 5e-8,
                            },
                        ),
                        number_of_pulses: None,
                    },
                ),
                ac: None,
            },
            IndependentSourceSpec {
                name: "V5",
                positive: NodeIndex(
                    1,
                ),
                negative: NodeIndex(
                    0,
                ),
                dc: Some(
                    Sinusoidal {
                        offset: Value {
                            value: 0.0,
                            exponent: None,
                            suffix: None,
                            scaled: 0.0,
                        },
                        amplitude: Value {
                            value: 1.0,
                            exponent: None,
                            suffix: None,
                            scaled: 1.0,
                        },
                        frequency: None,
                        delay: None,
                        damping_factor: None,
                        phase: None,
                    },
                ),
                ac: None,
            },
            IndependentSourceSpec {
                name: "V6",
                positive: NodeIndex(
                    1,
                ),
                negative: NodeIndex(
                    0,
                ),
                dc: Some(
                    Sinusoidal {
                        offset: Value {
                            value: 0.0,
                            exponent: None,
                            suffix: None,
                            scaled: 0.0,
                        },
                        amplitude: Value {
                            value: 2.0,
                            exponent: None,
                            suffix: None,
                            scaled: 2.0,
                        },
                        frequency: Some(
                            Value {
                                value: 1.0,
                                exponent: None,
                                suffix: Some(
                                    Kilo,
                                ),
                                scaled: 1000.0,
                            },
                        ),
                        delay: Some(
                            Value {
                                value: 10.0,
                                exponent: None,
                                suffix: Some(
                                    Micro,
                                ),
                                scaled: 1e-5,
                            },
                        ),
                        damping_factor: Some(
                            Value {
                                value: 100.0,
                                exponent: None,
                                suffix: None,
                                scaled: 100.0,
                            },
                        ),
                        phase: Some(
                            Value {
                                value: 45.0,
                                exponent: None,
                                suffix: None,
                                scaled: 45.0,
                            },
                        ),
                    },
                ),
                ac: None,
            },
            IndependentSourceSpec {
                name: "V7",
                positive: NodeIndex(
                    1,
                ),
                negative: NodeIndex(
                    0,
                ),
                dc: Some(
                    Exponential {
                        initial_value: Value {
                            value: 0.0,
                            exponent: None,
                            suffix: None,
                            scaled: 0.0,
                        },
                        pulsed_value: Value {
                            value: 5.0,
                            exponent: None,
                            suffix: None,
                            scaled: 5.0,
                        },
                        rise_delay_time: None,
                        rise_time_constant: None,
                        fall_delay_time: None,
                        fall_time_constant: None,
                    },
                ),
                ac: None,
            },
            IndependentSourceSpec {
                name: "V8",
                positive: NodeIndex(
                    1,
                ),
                negative: NodeIndex(
                    0,
                ),
                dc: Some(
                    Exponential {
                        initial_value: Value {
                            value: 0.0,
                            exponent: None,
                            suffix: None,
                            scaled: 0.0,
                        },
                        pulsed_value: Value {
                            value: 5.0,
                            exponent: None,
                            suffix: None,
                            scaled: 5.0,
                        },
                        rise_delay_time: Some(
                            Value {
                                value: 1.0,
                                exponent: None,
                                suffix: Some(
                                    Micro,
                                ),
                                scaled: 1e-6,
                            },
                        ),
                        rise_time_constant: Some(
                            Value {
                                value: 2.0,
                                exponent: None,
                                suffix: Some(
                                    Micro,
                                ),
                                scaled: 2e-6,
                            },
                        ),
                        fall_delay_time: Some(
                            Value {
                                value: 10.0,
                                exponent: None,
                                suffix: Some(
                                    Micro,
                                ),
                                scaled: 1e-5,
                            },
                        ),
                        fall_time_constant: Some(
                            Value {
                                value: 3.0,
                                exponent: None,
                                suffix: Some(
                                    Micro,
                                ),
                                scaled: 3e-6,
                            },
                        ),
                    },
                ),
                ac: None,
            },
        ],
        current_sources: [
            IndependentSourceSpec {
                name: "I1",
                positive: NodeIndex(
                    2,
                ),
                negative: NodeIndex(
                    0,
                ),
                dc: Some(
                    Pulse {
                        voltage1: Value {
                            value: 1.0,
                            exponent: None,
                            suffix: Some(
                                Milli,
                            ),
                            scaled: 0.001,
                        },
                        voltage2: Value {
                            value: 2.0,
                            exponent: None,
                            suffix: Some(
                                Milli,
                            ),
                            scaled: 0.002,
                        },
                        delay: None,
                        rise_time: None,
                        fall_time: None,
                        pulse_width: None,
                        period: None,
                        number_of_pulses: None,
                    },
                ),
                ac: None,
            },
            IndependentSourceSpec {
                name: "I2",
                positive: NodeIndex(
                    2,
                ),
                negative: NodeIndex(
                    0,
                ),
                dc: Some(
                    Sinusoidal {
                        offset: Value {
                            value: 0.0,
                            exponent: None,
                            suffix: None,
                            scaled: 0.0,
                        },
                        amplitude: Value {
                            value: 0.5,
                            exponent: None,
                            suffix: None,
                            scaled: 0.5,
                        },
                        frequency: Some(
                            Value {
                                value: 2.0,
                                exponent: None,
                                suffix: Some(
                                    Kilo,
                                ),
                                scaled: 2000.0,
                            },
                        ),
                        delay: Some(
                            Value {
                                value: 1.0,
                                exponent: None,
                                suffix: Some(
                                    Micro,
                                ),
                                scaled: 1e-6,
                            },
                        ),
                        damping_factor: Some(
                            Value {
                                value: 0.0,
                                exponent: None,
                                suffix: None,
                                scaled: 0.0,
                            },
                        ),
                        phase: Some(
                            Value {
                                value: 0.0,
                                exponent: None,
                                suffix: None,
                                scaled: 0.0,
                            },
                        ),
                    },
                ),
                ac: None,
            },
            IndependentSourceSpec {
                name: "I3",
                positive: NodeIndex(
                    2,
                ),
                negative: NodeIndex(
                    0,
                ),
                dc: Some(
                    Exponential {
                        initial_value: Value {
                            value: 1.0,
                            exponent: None,
                            suffix: None,
                            scaled: 1.0,
                        },
                        pulsed_value: Value {
                            value: 4.0,
                            exponent: None,
                            suffix: None,
                            scaled: 4.0,
                        },
                        rise_delay_time: Some(
                            Value {
                                value: 5.0,
                                exponent: None,
                                suffix: Some(
                                    Nano,
                                ),
                                scaled: 5e-9,
                            },
                        ),
                        rise_time_constant: Some(
                            Value {
                                value: 0.5,
                                exponent: None,
                                suffix: Some(
                                    Nano,
                                ),
                                scaled: 5e-10,
                            },
                        ),
                        fall_delay_time: Some(
                            Value {
                                value: 1.0,
                                exponent: None,
                                suffix: Some(
                                    Micro,
                                ),
                                scaled: 1e-6,
                            },
                        ),
                        fall_time_constant: Some(
                            Value {
                                value: 0.75,
                                exponent: None,
                                suffix: Some(
                                    Nano,
                                ),
                                scaled: 7.5e-10,
                            },
                        ),
                    },
                ),
                ac: None,
            },
        ],
        bjts: [],
    },
}
