---
source: crates/spicy_netlist/src/reader/subcircuit_phase.rs
assertion_line: 423
expression: json
---
{
  "map": {
    "Cfast": {
      "Capacitor": {
        "cap": {
          "value": 1.0,
          "exponent": -6.0,
          "suffix": null,
          "scaled": 1e-6
        },
        "tc1": {
          "value": 5.0,
          "exponent": -4.0,
          "suffix": null,
          "scaled": 0.0005
        },
        "tc2": {
          "value": 1.0,
          "exponent": -4.0,
          "suffix": null,
          "scaled": 0.0001
        },
        "tnom": null
      }
    },
    "Lslow": {
      "Inductor": {
        "inductance": {
          "value": 0.01,
          "exponent": null,
          "suffix": null,
          "scaled": 0.01
        },
        "tc1": {
          "value": 1.0,
          "exponent": -5.0,
          "suffix": null,
          "scaled": 0.00001
        },
        "tc2": {
          "value": 2.0,
          "exponent": -5.0,
          "suffix": null,
          "scaled": 0.00002
        },
        "tnom": null
      }
    },
    "mymodel1": {
      "Resistor": {
        "resistance": {
          "value": 1.0,
          "exponent": null,
          "suffix": null,
          "scaled": 1.0
        },
        "tc1": null,
        "tc2": null,
        "w": null,
        "l": null,
        "tnom": null
      }
    },
    "mymodel2": {
      "Resistor": {
        "resistance": {
          "value": 2.0,
          "exponent": null,
          "suffix": null,
          "scaled": 2.0
        },
        "tc1": null,
        "tc2": null,
        "w": null,
        "l": null,
        "tnom": null
      }
    },
    "mymodel3": {
      "Resistor": {
        "resistance": {
          "value": 3.0,
          "exponent": null,
          "suffix": null,
          "scaled": 3.0
        },
        "tc1": null,
        "tc2": null,
        "w": null,
        "l": null,
        "tnom": null
      }
    },
    "mymodel4": {
      "Resistor": {
        "resistance": {
          "value": 4.0,
          "exponent": null,
          "suffix": null,
          "scaled": 4.0
        },
        "tc1": null,
        "tc2": null,
        "w": null,
        "l": null,
        "tnom": null
      }
    },
    "mymodel5": {
      "Resistor": {
        "resistance": {
          "value": 5.0,
          "exponent": null,
          "suffix": null,
          "scaled": 5.0
        },
        "tc1": null,
        "tc2": null,
        "w": null,
        "l": null,
        "tnom": null
      }
    },
    "R1": {
      "Resistor": {
        "resistance": {
          "value": 100.0,
          "exponent": null,
          "suffix": null,
          "scaled": 100.0
        },
        "tc1": {
          "value": 1.0,
          "exponent": -3.0,
          "suffix": null,
          "scaled": 0.001
        },
        "tc2": {
          "value": 2.0,
          "exponent": -3.0,
          "suffix": null,
          "scaled": 0.002
        },
        "w": {
          "value": 2.0,
          "exponent": null,
          "suffix": null,
          "scaled": 2.0
        },
        "l": {
          "value": 3.0,
          "exponent": null,
          "suffix": null,
          "scaled": 3.0
        },
        "tnom": null
      }
    }
  }
}
