---
source: crates/spicy_lang/src/resolve/mod.rs
assertion_line: 582
expression: "dump_resolve(&file_name(path), &src)"
input_file: crates/spicy_lang/test_data/resolve/err/fixes.spl
---
block A 139..140
  port vcc: Pin 143..146
  port gnd: Ground 153..156
  net bb 188..190
  net n1 200..202
  n2 = Resistor 212..214
    a → vcc
    b → gnd
    value = 1000 Ω
  r1 = Resistor 325..327
    a → vcc
    b → gnd
    value = <invalid>
  r2 = Resistor 379..381
    a → vcc
    b → gnd
    value = <invalid>
  r3 = Resistor 433..435
    a → vcc
    b → gnd
    value = <invalid>
  r4 = Resistor 580..582
    a → <unbound>
    b → gnd
    value = 1000 Ω
  r5 = Resistor 690..692
    a → vcc
    b → <unbound>
    value = 1000 Ω
  r6 = Resistor 804..806
    a → vcc
    b → gnd
    value = <invalid>
  r7 = Resistor 862..864
    a → <unbound>
    b → gnd
    value = 1000 Ω
  r8 = Resistor 916..918
    a → <unbound>
    b → gnd
    value = 1000 Ω
  r9 = Resistor 1039..1041
    a → vcc
    b → gnd
    value = 1000 Ω
  r10 = Resistor 1103..1106
    a → vcc
    b → gnd
    value = <invalid>
  r11 = <error> 1181..1184

--- errors ---
E-unit UnitMismatch 364..367 "47K" fix 364..367 "47k"
E-unit UnitMismatch 418..421 "5mK"
E-unit UnitMismatch 472..479 "1K + 1K"
E-name UnknownName 599..601 "n3" fix 599..601 "n1"
E-name UnknownName 714..715 "b" fix 714..715 "b: bb"
E-binding UnknownField 836..846 "resistance" fix 836..846 "value"
E-binding UnknownField 878..880 "aa" fix 878..880 "a"
E-binding UnknownField 932..935 "vcc" fix 932..935 "a: vcc"
E-binding UnknownField 1082..1087 "Value"
E-binding Missing 1109..1117 "Resistor"
E-binding UnknownField 1136..1138 "bb"
E-name UnknownName 1187..1194 "Resistr" fix 1187..1194 "Resistor"

--- rendered ---
error[E-unit]: expected `Ω` (a resistance), found `K` (a temperature)
   --> fixes.spl:10:48
   |
10 |     let r1 = Resistor { a: vcc, b: gnd, value: 47K };
   |                                                ^^^ this is `K` (a temperature)
   |
   = help: `K` is kelvin; kilo is lowercase `k`

error[E-unit]: expected `Ω` (a resistance), found `K` (a temperature)
   --> fixes.spl:11:48
   |
11 |     let r2 = Resistor { a: vcc, b: gnd, value: 5mK };
   |                                                ^^^ this is `K` (a temperature)
   |
   = help: `K` is kelvin; kilo is lowercase `k`

error[E-unit]: expected `Ω` (a resistance), found `K` (a temperature)
   --> fixes.spl:12:48
   |
12 |     let r3 = Resistor { a: vcc, b: gnd, value: 1K + 1K };
   |                                                ^^^^^^^ this is `K` (a temperature)
   |
   = help: `K` is kelvin; kilo is lowercase `k`

error[E-name]: unknown net, port or instance `n3`
   --> fixes.spl:14:28
   |
14 |     let r4 = Resistor { a: n3, b: gnd, value: 1k };
   |                            ^^ not defined
   |
   = help: did you mean `n1`?

error[E-name]: unknown net, port or instance `b`
   --> fixes.spl:16:33
   |
16 |     let r5 = Resistor { a: vcc, b, value: 1k };
   |                                 ^ not defined
   |
   = help: did you mean `bb`?

error[E-binding]: `Resistor` has no pin or field `resistance`
   --> fixes.spl:18:41
   |
18 |     let r6 = Resistor { a: vcc, b: gnd, resistance: 1k };
   |                                         ^^^^^^^^^^ unknown
   |
   = help: did you mean `value`?
   = note: `Resistor` has `a`, `b` and `value`

error[E-binding]: `Resistor` has no pin or field `aa`
   --> fixes.spl:19:25
   |
19 |     let r7 = Resistor { aa: vcc, b: gnd, value: 1k };
   |                         ^^ unknown
   |
   = help: did you mean `a`?
   = note: `Resistor` has `a`, `b` and `value`

error[E-binding]: `Resistor` has no pin or field `vcc`
   --> fixes.spl:20:25
   |
20 |     let r8 = Resistor { vcc, b: gnd, value: 1k };
   |                         ^^^ unknown
   |
   = help: did you mean `a`?
   = note: `Resistor` has `a`, `b` and `value`

error[E-binding]: `Resistor` has no pin or field `Value`
   --> fixes.spl:22:52
   |
22 |     let r9 = Resistor { a: vcc, b: gnd, value: 1k, Value: 2k };
   |                                                    ^^^^^ unknown
   |
   = note: `Resistor` has `a`, `b` and `value`

error[E-binding]: `Resistor` is missing `value`
   --> fixes.spl:23:15
   |
23 |     let r10 = Resistor { a: vcc, b: gnd, bb: gnd };
   |               ^^^^^^^^ needs `value`

error[E-binding]: `Resistor` has no pin or field `bb`
   --> fixes.spl:23:42
   |
23 |     let r10 = Resistor { a: vcc, b: gnd, bb: gnd };
   |                                          ^^ unknown
   |
   = note: `Resistor` has `a`, `b` and `value`

error[E-name]: unknown part kind or block `Resistr`
   --> fixes.spl:25:15
   |
25 |     let r11 = Resistr { a: vcc, b: gnd, value: 1k };
   |               ^^^^^^^ not defined
   |
   = help: did you mean `Resistor`?
