---
source: crates/spicy_lang/src/resolve/mod.rs
expression: "dump_resolve(&file_name(path), &src)"
input_file: crates/spicy_lang/test_data/resolve/err/duplicates.spl
---
block A 6..7
  port p: Pin 19..20
  net n 52..53
  r = Resistor 74..75
    a → p
    b → n
    value = 1000 Ω
contract A

--- errors ---
E-duplicate Duplicate 36..37 "p" related 19..20
E-duplicate Duplicate 63..64 "n" related 52..53
E-duplicate Duplicate 112..121 "value: 2k" related 101..110
E-duplicate Duplicate 133..134 "r" related 74..75
E-duplicate Duplicate 154..158 "a: n" related 148..152
E-duplicate Duplicate 188..189 "A" related 6..7
E-duplicate Duplicate 235..236 "A" related 221..222

--- rendered ---
error[E-duplicate]: port `p` is defined twice
  --> duplicates.spl:3:10
  |
2 |     port p: Pin;
  |          - first defined here
3 |     port p: Pin;
  |          ^ second definition

error[E-duplicate]: name `n` is defined twice
  --> duplicates.spl:5:9
  |
4 |     net n;
  |         - first defined here
5 |     net n;
  |         ^ second definition

error[E-duplicate]: `value` is given twice
  --> duplicates.spl:6:47
  |
6 |     let r = Resistor { a: p, b: n, value: 1k, value: 2k };
  |                                    ---------  ^^^^^^^^^ second time
  |                                    |           
  |                                    first given here

error[E-duplicate]: name `r` is defined twice
  --> duplicates.spl:7:9
  |
6 |     let r = Resistor { a: p, b: n, value: 1k, value: 2k };
  |         - first defined here
7 |     let r = Resistor { a: p, a: n, b: n, value: 1k };
  |         ^ second definition

error[E-duplicate]: `a` is given twice
  --> duplicates.spl:7:30
  |
7 |     let r = Resistor { a: p, a: n, b: n, value: 1k };
  |                        ----  ^^^^ second time
  |                        |      
  |                        first given here

error[E-duplicate]: block `A` is defined twice
   --> duplicates.spl:10:7
   |
 1 | block A {
   |       - first defined here
   .
10 | block A {
   |       ^ second definition

error[E-duplicate]: block `A` has two contracts
   --> duplicates.spl:15:10
   |
14 | contract A {}
   |          - first contract here
15 | contract A {}
   |          ^ second contract
   |
   = help: merge them into one `contract`
