---
source: crates/spicy_lang/src/resolve/mod.rs
assertion_line: 582
expression: "dump_resolve(&file_name(path), &src)"
input_file: crates/spicy_lang/test_data/resolve/err/duplicate_let.spl
---
block A 89..90
  port v: Pin 93..94
  port g: Ground 101..102
  net x 134..135
  r1 = Resistor 177..179
    a → v
    b → g
    value = 1000 Ω
  merge x = [v]

--- errors ---
E-duplicate Duplicate 151..152 "x" related 134..135
E-name UnknownName 159..166 "nowhere"
E-duplicate Duplicate 226..228 "r1" related 177..179
E-binding UnknownField 265..268 "bad"
E-duplicate Duplicate 283..284 "v" related 93..94

--- rendered ---
error[E-duplicate]: name `x` is defined twice
  --> duplicate_let.spl:6:9
  |
5 |     net x = [v];
  |         - first defined here
6 |     net x = [g, nowhere];
  |         ^ second definition

error[E-name]: unknown net, port or instance `nowhere`
  --> duplicate_let.spl:6:17
  |
6 |     net x = [g, nowhere];
  |                 ^^^^^^^ not defined

error[E-duplicate]: name `r1` is defined twice
  --> duplicate_let.spl:8:9
  |
7 |     let r1 = Resistor { a: v, b: g, value: 1k };
  |         -- first defined here
8 |     let r1 = Resistor { a: g, b: v, value: 2k, bad: v };
  |         ^^ second definition

error[E-binding]: `Resistor` has no pin or field `bad`
  --> duplicate_let.spl:8:48
  |
8 |     let r1 = Resistor { a: g, b: v, value: 2k, bad: v };
  |                                                ^^^ unknown
  |
  = note: `Resistor` has `a`, `b` and `value`

error[E-duplicate]: name `v` is defined twice
  --> duplicate_let.spl:9:9
  |
2 | block A { v: Pin, g: Ground }
  |           - first defined here
  .
9 |     let v = Resistor { a: g, b: v, value: 3k };
  |         ^ second definition
