---
source: crates/spicy_lang/src/resolve/mod.rs
assertion_line: 781
expression: "dump_resolve(&file_name(path), &src)"
input_file: crates/spicy_lang/test_data/resolve/err/pin_not_net.spl
---
block A 6..7
  port p: Pin 10..11
  r1 = Resistor 40..42
    a → <unbound>
    b → p
    value = 1 kΩ
  r2 = Resistor 91..93
    a → <unbound>
    b → p
    value = 1 kΩ

--- errors ---
E-binding NotANet 59..62 "47k"
E-binding NotANet 110..112 "r1"

--- rendered ---
error[E-binding]: pin `a` must be bound to a net or port
  --> pin_not_net.spl:4:28
  |
4 |     let r1 = Resistor { a: 47k, b: p, value: 1k };
  |                            ^^^ this is a value

error[E-binding]: pin `a` must be bound to a net or port
  --> pin_not_net.spl:5:28
  |
5 |     let r2 = Resistor { a: r1, b: p, value: 1k };
  |                            ^^ this is an instance
