---
source: crates/spicy_lang/src/resolve/mod.rs
assertion_line: 766
expression: "dump_resolve(&file_name(path), &src)"
input_file: crates/spicy_lang/test_data/resolve/ok/two_placements.spl
---
block Stereo 6..12
  port v12: Power<In> 19..22
  port gnd: Ground 39..42
  port left_in: Analog<In> 56..63
  port right_in: Analog<In> 81..89
  port left_out: Analog<Out> 107..115
  port right_out: Analog<Out> 134..143
  left = block Stage 186..190
    vcc → v12
    gnd → gnd
    input → left_in
    output → left_out
  right = block Stage 262..267
    vcc → v12
    gnd → gnd
    input → right_in
    output → right_out
block Stage 340..345
  port vcc: Power<In> 348..351
  port gnd: Ground 364..367
  port input: Analog<In> 377..382
  port output: Analog<Out> 396..402
  r = Resistor 443..444
    a → input
    b → output
    value = 10 kΩ ± 1%
