---
source: crates/spicy_lang/src/resolve/mod.rs
assertion_line: 781
expression: "dump_resolve(&file_name(path), &src)"
input_file: crates/spicy_lang/test_data/resolve/err/duplicate_port.spl
---
block A 76..77
  port p: Pin 80..81
  port q: Power<In> 96..97
  r = Resistor 145..146
    a → p
    b → q
    value = 1 kΩ

--- errors ---
E-duplicate Duplicate 88..89 "p" related 80..81
E-type BadSignalType 91..94 "Bus"
E-duplicate Duplicate 110..111 "q" related 96..97
E-name WrongNamespace 113..121 "Resistor"

--- rendered ---
error[E-duplicate]: port `p` is defined twice
  --> duplicate_port.spl:2:19
  |
2 | block A { p: Pin, p: Bus, q: Power<In>, q: Resistor }
  |           -       ^ second definition
  |           |        
  |           first defined here

error[E-type]: `Bus` isn't a port type
  --> duplicate_port.spl:2:22
  |
2 | block A { p: Pin, p: Bus, q: Power<In>, q: Resistor }
  |                      ^^^ not a valid port type
  |
  = note: port types are `Pin`, `Ground`, `Power<In|Out>`, `Analog<In|Out>`

error[E-duplicate]: port `q` is defined twice
  --> duplicate_port.spl:2:41
  |
2 | block A { p: Pin, p: Bus, q: Power<In>, q: Resistor }
  |                           -             ^ second definition
  |                           |              
  |                           first defined here

error[E-name]: `Resistor` is a part kind, not a port type
  --> duplicate_port.spl:2:44
  |
2 | block A { p: Pin, p: Bus, q: Power<In>, q: Resistor }
  |                                            ^^^^^^^^ expected a port type
