---
source: crates/spicy_lang/src/resolve/mod.rs
assertion_line: 766
expression: "dump_resolve(&file_name(path), &src)"
input_file: crates/spicy_lang/test_data/resolve/ok/order_independence.spl
---
block Top 159..162
  port v12: Power<In> 165..168
  port gnd: Ground 181..184
  net sig 280..283
  net out 293..296
  amp = block Amp 218..221
    vcc → v12
    gnd → gnd
    input → sig
    output → out
block Amp 307..310
  port vcc: Power<In> 313..316
  port gnd: Ground 329..332
  port input: Analog<In> 342..347
  port output: Analog<Out> 361..367
  net base 528..532
  r = Resistor 406..407
    a → vcc
    b → output
    value = 4.7 kΩ
  c = Capacitor 462..463
    a → input
    b → base
    value = 100 nF ± 10%
  q = Npn 542..543
    c → output
    b → base
    e → gnd
