---
source: crates/spicy_simulate/src/lib.rs
expression: output
---
DcSweepResult {
    results: [
        (
            OperatingPointResult {
                voltages: [
                    (
                        "in",
                        3.0,
                    ),
                    (
                        "out",
                        2.0,
                    ),
                ],
                currents: [],
            },
            0.001,
        ),
        (
            OperatingPointResult {
                voltages: [
                    (
                        "in",
                        6.0,
                    ),
                    (
                        "out",
                        4.0,
                    ),
                ],
                currents: [],
            },
            0.002,
        ),
        (
            OperatingPointResult {
                voltages: [
                    (
                        "in",
                        9.0,
                    ),
                    (
                        "out",
                        6.0,
                    ),
                ],
                currents: [],
            },
            0.003,
        ),
        (
            OperatingPointResult {
                voltages: [
                    (
                        "in",
                        12.0,
                    ),
                    (
                        "out",
                        8.0,
                    ),
                ],
                currents: [],
            },
            0.004,
        ),
        (
            OperatingPointResult {
                voltages: [
                    (
                        "in",
                        15.0,
                    ),
                    (
                        "out",
                        10.0,
                    ),
                ],
                currents: [],
            },
            0.005,
        ),
    ],
}
