---
source: crates/spicy_simulate/src/lib.rs
expression: output
---
OperatingPointResult {
    voltages: [
        (
            "n001",
            2.0,
        ),
        (
            "n002",
            0.0,
        ),
    ],
    currents: [
        (
            "L2",
            0.002,
        ),
    ],
}
