---
source: crates/spicy_parser/src/statement_phase.rs
expression: stream
---
Statements {
    statements: [
        Statement {
            tokens: [
                Token {
                    kind: Ident,
                    id: None,
                    span: Span {
                        start: 0,
                        end: 3,
                    },
                },
                Token {
                    kind: WhiteSpace,
                    id: None,
                    span: Span {
                        start: 4,
                        end: 4,
                    },
                },
                Token {
                    kind: Ident,
                    id: None,
                    span: Span {
                        start: 5,
                        end: 6,
                    },
                },
                Token {
                    kind: WhiteSpace,
                    id: None,
                    span: Span {
                        start: 7,
                        end: 8,
                    },
                },
                Token {
                    kind: Ident,
                    id: None,
                    span: Span {
                        start: 9,
                        end: 9,
                    },
                },
                Token {
                    kind: WhiteSpace,
                    id: None,
                    span: Span {
                        start: 10,
                        end: 10,
                    },
                },
                Token {
                    kind: Ident,
                    id: None,
                    span: Span {
                        start: 11,
                        end: 14,
                    },
                },
                Token {
                    kind: WhiteSpace,
                    id: None,
                    span: Span {
                        start: 15,
                        end: 15,
                    },
                },
                Token {
                    kind: Ident,
                    id: None,
                    span: Span {
                        start: 16,
                        end: 20,
                    },
                },
            ],
            span: Span {
                start: 0,
                end: 20,
            },
        },
        Statement {
            tokens: [
                Token {
                    kind: Asterisk,
                    id: None,
                    span: Span {
                        start: 22,
                        end: 22,
                    },
                },
                Token {
                    kind: WhiteSpace,
                    id: None,
                    span: Span {
                        start: 23,
                        end: 23,
                    },
                },
                Token {
                    kind: Ident,
                    id: None,
                    span: Span {
                        start: 24,
                        end: 27,
                    },
                },
                Token {
                    kind: WhiteSpace,
                    id: None,
                    span: Span {
                        start: 28,
                        end: 28,
                    },
                },
                Token {
                    kind: Ident,
                    id: None,
                    span: Span {
                        start: 29,
                        end: 30,
                    },
                },
                Token {
                    kind: WhiteSpace,
                    id: None,
                    span: Span {
                        start: 31,
                        end: 31,
                    },
                },
                Token {
                    kind: Ident,
                    id: None,
                    span: Span {
                        start: 32,
                        end: 32,
                    },
                },
                Token {
                    kind: WhiteSpace,
                    id: None,
                    span: Span {
                        start: 33,
                        end: 33,
                    },
                },
                Token {
                    kind: Ident,
                    id: None,
                    span: Span {
                        start: 34,
                        end: 36,
                    },
                },
                Token {
                    kind: WhiteSpace,
                    id: None,
                    span: Span {
                        start: 37,
                        end: 37,
                    },
                },
                Token {
                    kind: Ident,
                    id: None,
                    span: Span {
                        start: 38,
                        end: 44,
                    },
                },
            ],
            span: Span {
                start: 22,
                end: 44,
            },
        },
        Statement {
            tokens: [
                Token {
                    kind: Ident,
                    id: None,
                    span: Span {
                        start: 46,
                        end: 47,
                    },
                },
                Token {
                    kind: WhiteSpace,
                    id: None,
                    span: Span {
                        start: 48,
                        end: 48,
                    },
                },
                Token {
                    kind: Ident,
                    id: None,
                    span: Span {
                        start: 49,
                        end: 50,
                    },
                },
                Token {
                    kind: WhiteSpace,
                    id: None,
                    span: Span {
                        start: 51,
                        end: 51,
                    },
                },
                Token {
                    kind: Ident,
                    id: None,
                    span: Span {
                        start: 52,
                        end: 54,
                    },
                },
                Token {
                    kind: WhiteSpace,
                    id: None,
                    span: Span {
                        start: 57,
                        end: 57,
                    },
                },
                Token {
                    kind: Number,
                    id: None,
                    span: Span {
                        start: 58,
                        end: 58,
                    },
                },
                Token {
                    kind: Ident,
                    id: None,
                    span: Span {
                        start: 59,
                        end: 59,
                    },
                },
                Token {
                    kind: WhiteSpace,
                    id: None,
                    span: Span {
                        start: 60,
                        end: 60,
                    },
                },
            ],
            span: Span {
                start: 46,
                end: 60,
            },
        },
        Statement {
            tokens: [
                Token {
                    kind: Ident,
                    id: None,
                    span: Span {
                        start: 62,
                        end: 63,
                    },
                },
                Token {
                    kind: WhiteSpace,
                    id: None,
                    span: Span {
                        start: 64,
                        end: 64,
                    },
                },
                Token {
                    kind: Ident,
                    id: None,
                    span: Span {
                        start: 65,
                        end: 66,
                    },
                },
                Token {
                    kind: WhiteSpace,
                    id: None,
                    span: Span {
                        start: 67,
                        end: 67,
                    },
                },
                Token {
                    kind: Ident,
                    id: None,
                    span: Span {
                        start: 68,
                        end: 70,
                    },
                },
                Token {
                    kind: WhiteSpace,
                    id: None,
                    span: Span {
                        start: 73,
                        end: 73,
                    },
                },
                Token {
                    kind: Number,
                    id: None,
                    span: Span {
                        start: 74,
                        end: 74,
                    },
                },
                Token {
                    kind: Ident,
                    id: None,
                    span: Span {
                        start: 75,
                        end: 75,
                    },
                },
            ],
            span: Span {
                start: 62,
                end: 75,
            },
        },
        Statement {
            tokens: [
                Token {
                    kind: Dot,
                    id: None,
                    span: Span {
                        start: 77,
                        end: 77,
                    },
                },
                Token {
                    kind: Ident,
                    id: None,
                    span: Span {
                        start: 78,
                        end: 80,
                    },
                },
            ],
            span: Span {
                start: 77,
                end: 80,
            },
        },
    ],
}
