---
source: crates/spicy_parser/src/expression_phase.rs
expression: json
---
{
  "next": 4,
  "map": [
    {
      "span": {
        "start": 57,
        "end": 61,
        "source_index": 0
      },
      "type": {
        "Ident": "check"
      }
    },
    {
      "span": {
        "start": 68,
        "end": 71,
        "source_index": 0
      },
      "type": {
        "Ident": "just"
      }
    },
    {
      "span": {
        "start": 85,
        "end": 103,
        "source_index": 0
      },
      "type": {
        "Binary": {
          "op": "Plus",
          "left": {
            "span": {
              "start": 85,
              "end": 88,
              "source_index": 0
            },
            "type": {
              "Ident": "nice"
            }
          },
          "right": {
            "span": {
              "start": 92,
              "end": 103,
              "source_index": 0
            },
            "type": {
              "Binary": {
                "op": "Asterisk",
                "left": {
                  "span": {
                    "start": 92,
                    "end": 96,
                    "source_index": 0
                  },
                  "type": {
                    "Ident": "check"
                  }
                },
                "right": {
                  "span": {
                    "start": 100,
                    "end": 103,
                    "source_index": 0
                  },
                  "type": {
                    "Ident": "just"
                  }
                }
              }
            }
          }
        }
      }
    },
    {
      "span": {
        "start": 117,
        "end": 124,
        "source_index": 0
      },
      "type": {
        "Binary": {
          "op": "Plus",
          "left": {
            "span": {
              "start": 117,
              "end": 120,
              "source_index": 0
            },
            "type": {
              "Ident": "nice"
            }
          },
          "right": {
            "span": {
              "start": 124,
              "end": 124,
              "source_index": 0
            },
            "type": {
              "Value": {
                "value": 1.0,
                "exponent": null,
                "suffix": "Kilo"
              }
            }
          }
        }
      }
    }
  ]
}
