---
source: crates/spicy_parser/src/subcircuit_phase.rs
expression: json
---
{
  "scope_arena": {
    "nodes": [
      {
        "parent": null,
        "instance_name": null,
        "param_map": {
          "C": {
            "span": {
              "start": 64,
              "end": 64,
              "source_index": 0
            },
            "type": {
              "Value": {
                "value": 5.0,
                "exponent": null,
                "suffix": "Nano"
              }
            }
          },
          "Rg": {
            "span": {
              "start": 51,
              "end": 53,
              "source_index": 0
            },
            "type": {
              "Value": {
                "value": 500.0,
                "exponent": null,
                "suffix": null
              }
            }
          }
        },
        "node_mapping": {}
      },
      {
        "parent": 0,
        "instance_name": "1",
        "param_map": {
          "C": {
            "span": {
              "start": 128,
              "end": 129,
              "source_index": 0
            },
            "type": {
              "Value": {
                "value": 10.0,
                "exponent": null,
                "suffix": "Nano"
              }
            }
          },
          "R": {
            "span": {
              "start": 141,
              "end": 141,
              "source_index": 0
            },
            "type": {
              "Value": {
                "value": 2.0,
                "exponent": null,
                "suffix": "Kilo"
              }
            }
          }
        },
        "node_mapping": {
          "in": {
            "name": "n1"
          },
          "out": {
            "name": "n2"
          }
        }
      },
      {
        "parent": 0,
        "instance_name": "2",
        "param_map": {
          "C": {
            "span": {
              "start": 128,
              "end": 129,
              "source_index": 0
            },
            "type": {
              "Value": {
                "value": 10.0,
                "exponent": null,
                "suffix": "Nano"
              }
            }
          },
          "R": {
            "span": {
              "start": 141,
              "end": 141,
              "source_index": 0
            },
            "type": {
              "Value": {
                "value": 2.0,
                "exponent": null,
                "suffix": "Kilo"
              }
            }
          }
        },
        "node_mapping": {
          "in": {
            "name": "a"
          },
          "out": {
            "name": "b"
          }
        }
      },
      {
        "parent": 0,
        "instance_name": "3",
        "param_map": {
          "C": {
            "span": {
              "start": 245,
              "end": 246,
              "source_index": 0
            },
            "type": {
              "Value": {
                "value": 22.0,
                "exponent": null,
                "suffix": "Nano"
              }
            }
          },
          "R": {
            "span": {
              "start": 141,
              "end": 141,
              "source_index": 0
            },
            "type": {
              "Value": {
                "value": 2.0,
                "exponent": null,
                "suffix": "Kilo"
              }
            }
          }
        },
        "node_mapping": {
          "in": {
            "name": "x"
          },
          "out": {
            "name": "y"
          }
        }
      }
    ]
  },
  "global_params": 0,
  "subckt_table": {
    "map": {
      "LP": {
        "name": "LP",
        "nodes": [
          {
            "name": "in"
          },
          {
            "name": "out"
          }
        ],
        "default_params": {
          "C": {
            "span": {
              "start": 128,
              "end": 129,
              "source_index": 0
            },
            "type": {
              "Value": {
                "value": 10.0,
                "exponent": null,
                "suffix": "Nano"
              }
            }
          },
          "R": {
            "span": {
              "start": 120,
              "end": 123,
              "source_index": 0
            },
            "type": {
              "Placeholder": 0
            }
          }
        },
        "local_params": {
          "R": {
            "span": {
              "start": 141,
              "end": 141,
              "source_index": 0
            },
            "type": {
              "Value": {
                "value": 2.0,
                "exponent": null,
                "suffix": "Kilo"
              }
            }
          }
        },
        "body": [
          {
            "tokens": [
              {
                "kind": "Ident",
                "id": null,
                "span": {
                  "start": 144,
                  "end": 145,
                  "source_index": 0
                }
              },
              {
                "kind": "WhiteSpace",
                "id": null,
                "span": {
                  "start": 146,
                  "end": 146,
                  "source_index": 0
                }
              },
              {
                "kind": "Ident",
                "id": null,
                "span": {
                  "start": 147,
                  "end": 148,
                  "source_index": 0
                }
              },
              {
                "kind": "WhiteSpace",
                "id": null,
                "span": {
                  "start": 149,
                  "end": 149,
                  "source_index": 0
                }
              },
              {
                "kind": "Ident",
                "id": null,
                "span": {
                  "start": 150,
                  "end": 152,
                  "source_index": 0
                }
              },
              {
                "kind": "WhiteSpace",
                "id": null,
                "span": {
                  "start": 153,
                  "end": 153,
                  "source_index": 0
                }
              },
              {
                "kind": "Placeholder",
                "id": 1,
                "span": {
                  "start": 154,
                  "end": 156,
                  "source_index": 0
                }
              }
            ],
            "span": {
              "start": 144,
              "end": 156,
              "source_index": 0
            }
          },
          {
            "tokens": [
              {
                "kind": "Ident",
                "id": null,
                "span": {
                  "start": 158,
                  "end": 159,
                  "source_index": 0
                }
              },
              {
                "kind": "WhiteSpace",
                "id": null,
                "span": {
                  "start": 160,
                  "end": 160,
                  "source_index": 0
                }
              },
              {
                "kind": "Ident",
                "id": null,
                "span": {
                  "start": 161,
                  "end": 163,
                  "source_index": 0
                }
              },
              {
                "kind": "WhiteSpace",
                "id": null,
                "span": {
                  "start": 164,
                  "end": 164,
                  "source_index": 0
                }
              },
              {
                "kind": "Number",
                "id": null,
                "span": {
                  "start": 165,
                  "end": 165,
                  "source_index": 0
                }
              },
              {
                "kind": "WhiteSpace",
                "id": null,
                "span": {
                  "start": 166,
                  "end": 167,
                  "source_index": 0
                }
              },
              {
                "kind": "Placeholder",
                "id": 2,
                "span": {
                  "start": 168,
                  "end": 170,
                  "source_index": 0
                }
              }
            ],
            "span": {
              "start": 158,
              "end": 170,
              "source_index": 0
            }
          }
        ]
      }
    }
  },
  "statements": [
    {
      "stmt": {
        "tokens": [
          {
            "kind": "Ident",
            "id": null,
            "span": {
              "start": 0,
              "end": 3,
              "source_index": 0
            }
          },
          {
            "kind": "WhiteSpace",
            "id": null,
            "span": {
              "start": 4,
              "end": 4,
              "source_index": 0
            }
          },
          {
            "kind": "Ident",
            "id": null,
            "span": {
              "start": 5,
              "end": 15,
              "source_index": 0
            }
          }
        ],
        "span": {
          "start": 0,
          "end": 15,
          "source_index": 0
        }
      },
      "scope": 0
    },
    {
      "stmt": {
        "tokens": [
          {
            "kind": "Asterisk",
            "id": null,
            "span": {
              "start": 17,
              "end": 17,
              "source_index": 0
            }
          },
          {
            "kind": "WhiteSpace",
            "id": null,
            "span": {
              "start": 18,
              "end": 18,
              "source_index": 0
            }
          },
          {
            "kind": "Minus",
            "id": null,
            "span": {
              "start": 19,
              "end": 19,
              "source_index": 0
            }
          },
          {
            "kind": "Minus",
            "id": null,
            "span": {
              "start": 20,
              "end": 20,
              "source_index": 0
            }
          },
          {
            "kind": "Minus",
            "id": null,
            "span": {
              "start": 21,
              "end": 21,
              "source_index": 0
            }
          },
          {
            "kind": "WhiteSpace",
            "id": null,
            "span": {
              "start": 22,
              "end": 22,
              "source_index": 0
            }
          },
          {
            "kind": "Ident",
            "id": null,
            "span": {
              "start": 23,
              "end": 28,
              "source_index": 0
            }
          },
          {
            "kind": "WhiteSpace",
            "id": null,
            "span": {
              "start": 29,
              "end": 29,
              "source_index": 0
            }
          },
          {
            "kind": "Ident",
            "id": null,
            "span": {
              "start": 30,
              "end": 35,
              "source_index": 0
            }
          },
          {
            "kind": "WhiteSpace",
            "id": null,
            "span": {
              "start": 36,
              "end": 36,
              "source_index": 0
            }
          },
          {
            "kind": "Minus",
            "id": null,
            "span": {
              "start": 37,
              "end": 37,
              "source_index": 0
            }
          },
          {
            "kind": "Minus",
            "id": null,
            "span": {
              "start": 38,
              "end": 38,
              "source_index": 0
            }
          },
          {
            "kind": "Minus",
            "id": null,
            "span": {
              "start": 39,
              "end": 39,
              "source_index": 0
            }
          }
        ],
        "span": {
          "start": 17,
          "end": 39,
          "source_index": 0
        }
      },
      "scope": 0
    },
    {
      "stmt": {
        "tokens": [
          {
            "kind": "Asterisk",
            "id": null,
            "span": {
              "start": 68,
              "end": 68,
              "source_index": 0
            }
          },
          {
            "kind": "WhiteSpace",
            "id": null,
            "span": {
              "start": 69,
              "end": 69,
              "source_index": 0
            }
          },
          {
            "kind": "Minus",
            "id": null,
            "span": {
              "start": 70,
              "end": 70,
              "source_index": 0
            }
          },
          {
            "kind": "Minus",
            "id": null,
            "span": {
              "start": 71,
              "end": 71,
              "source_index": 0
            }
          },
          {
            "kind": "Minus",
            "id": null,
            "span": {
              "start": 72,
              "end": 72,
              "source_index": 0
            }
          },
          {
            "kind": "WhiteSpace",
            "id": null,
            "span": {
              "start": 73,
              "end": 73,
              "source_index": 0
            }
          },
          {
            "kind": "Ident",
            "id": null,
            "span": {
              "start": 74,
              "end": 83,
              "source_index": 0
            }
          },
          {
            "kind": "WhiteSpace",
            "id": null,
            "span": {
              "start": 84,
              "end": 84,
              "source_index": 0
            }
          },
          {
            "kind": "Ident",
            "id": null,
            "span": {
              "start": 85,
              "end": 94,
              "source_index": 0
            }
          },
          {
            "kind": "WhiteSpace",
            "id": null,
            "span": {
              "start": 95,
              "end": 95,
              "source_index": 0
            }
          },
          {
            "kind": "Minus",
            "id": null,
            "span": {
              "start": 96,
              "end": 96,
              "source_index": 0
            }
          },
          {
            "kind": "Minus",
            "id": null,
            "span": {
              "start": 97,
              "end": 97,
              "source_index": 0
            }
          },
          {
            "kind": "Minus",
            "id": null,
            "span": {
              "start": 98,
              "end": 98,
              "source_index": 0
            }
          }
        ],
        "span": {
          "start": 68,
          "end": 98,
          "source_index": 0
        }
      },
      "scope": 0
    },
    {
      "stmt": {
        "tokens": [
          {
            "kind": "Asterisk",
            "id": null,
            "span": {
              "start": 182,
              "end": 182,
              "source_index": 0
            }
          },
          {
            "kind": "WhiteSpace",
            "id": null,
            "span": {
              "start": 183,
              "end": 183,
              "source_index": 0
            }
          },
          {
            "kind": "Minus",
            "id": null,
            "span": {
              "start": 184,
              "end": 184,
              "source_index": 0
            }
          },
          {
            "kind": "Minus",
            "id": null,
            "span": {
              "start": 185,
              "end": 185,
              "source_index": 0
            }
          },
          {
            "kind": "Minus",
            "id": null,
            "span": {
              "start": 186,
              "end": 186,
              "source_index": 0
            }
          },
          {
            "kind": "WhiteSpace",
            "id": null,
            "span": {
              "start": 187,
              "end": 187,
              "source_index": 0
            }
          },
          {
            "kind": "Ident",
            "id": null,
            "span": {
              "start": 188,
              "end": 196,
              "source_index": 0
            }
          },
          {
            "kind": "WhiteSpace",
            "id": null,
            "span": {
              "start": 197,
              "end": 197,
              "source_index": 0
            }
          },
          {
            "kind": "Minus",
            "id": null,
            "span": {
              "start": 198,
              "end": 198,
              "source_index": 0
            }
          },
          {
            "kind": "Minus",
            "id": null,
            "span": {
              "start": 199,
              "end": 199,
              "source_index": 0
            }
          },
          {
            "kind": "Minus",
            "id": null,
            "span": {
              "start": 200,
              "end": 200,
              "source_index": 0
            }
          }
        ],
        "span": {
          "start": 182,
          "end": 200,
          "source_index": 0
        }
      },
      "scope": 0
    },
    {
      "stmt": {
        "tokens": [
          {
            "kind": "Ident",
            "id": null,
            "span": {
              "start": 144,
              "end": 145,
              "source_index": 0
            }
          },
          {
            "kind": "WhiteSpace",
            "id": null,
            "span": {
              "start": 146,
              "end": 146,
              "source_index": 0
            }
          },
          {
            "kind": "Ident",
            "id": null,
            "span": {
              "start": 147,
              "end": 148,
              "source_index": 0
            }
          },
          {
            "kind": "WhiteSpace",
            "id": null,
            "span": {
              "start": 149,
              "end": 149,
              "source_index": 0
            }
          },
          {
            "kind": "Ident",
            "id": null,
            "span": {
              "start": 150,
              "end": 152,
              "source_index": 0
            }
          },
          {
            "kind": "WhiteSpace",
            "id": null,
            "span": {
              "start": 153,
              "end": 153,
              "source_index": 0
            }
          },
          {
            "kind": "Placeholder",
            "id": 1,
            "span": {
              "start": 154,
              "end": 156,
              "source_index": 0
            }
          }
        ],
        "span": {
          "start": 144,
          "end": 156,
          "source_index": 0
        }
      },
      "scope": 1
    },
    {
      "stmt": {
        "tokens": [
          {
            "kind": "Ident",
            "id": null,
            "span": {
              "start": 158,
              "end": 159,
              "source_index": 0
            }
          },
          {
            "kind": "WhiteSpace",
            "id": null,
            "span": {
              "start": 160,
              "end": 160,
              "source_index": 0
            }
          },
          {
            "kind": "Ident",
            "id": null,
            "span": {
              "start": 161,
              "end": 163,
              "source_index": 0
            }
          },
          {
            "kind": "WhiteSpace",
            "id": null,
            "span": {
              "start": 164,
              "end": 164,
              "source_index": 0
            }
          },
          {
            "kind": "Number",
            "id": null,
            "span": {
              "start": 165,
              "end": 165,
              "source_index": 0
            }
          },
          {
            "kind": "WhiteSpace",
            "id": null,
            "span": {
              "start": 166,
              "end": 167,
              "source_index": 0
            }
          },
          {
            "kind": "Placeholder",
            "id": 2,
            "span": {
              "start": 168,
              "end": 170,
              "source_index": 0
            }
          }
        ],
        "span": {
          "start": 158,
          "end": 170,
          "source_index": 0
        }
      },
      "scope": 1
    },
    {
      "stmt": {
        "tokens": [
          {
            "kind": "Ident",
            "id": null,
            "span": {
              "start": 144,
              "end": 145,
              "source_index": 0
            }
          },
          {
            "kind": "WhiteSpace",
            "id": null,
            "span": {
              "start": 146,
              "end": 146,
              "source_index": 0
            }
          },
          {
            "kind": "Ident",
            "id": null,
            "span": {
              "start": 147,
              "end": 148,
              "source_index": 0
            }
          },
          {
            "kind": "WhiteSpace",
            "id": null,
            "span": {
              "start": 149,
              "end": 149,
              "source_index": 0
            }
          },
          {
            "kind": "Ident",
            "id": null,
            "span": {
              "start": 150,
              "end": 152,
              "source_index": 0
            }
          },
          {
            "kind": "WhiteSpace",
            "id": null,
            "span": {
              "start": 153,
              "end": 153,
              "source_index": 0
            }
          },
          {
            "kind": "Placeholder",
            "id": 1,
            "span": {
              "start": 154,
              "end": 156,
              "source_index": 0
            }
          }
        ],
        "span": {
          "start": 144,
          "end": 156,
          "source_index": 0
        }
      },
      "scope": 2
    },
    {
      "stmt": {
        "tokens": [
          {
            "kind": "Ident",
            "id": null,
            "span": {
              "start": 158,
              "end": 159,
              "source_index": 0
            }
          },
          {
            "kind": "WhiteSpace",
            "id": null,
            "span": {
              "start": 160,
              "end": 160,
              "source_index": 0
            }
          },
          {
            "kind": "Ident",
            "id": null,
            "span": {
              "start": 161,
              "end": 163,
              "source_index": 0
            }
          },
          {
            "kind": "WhiteSpace",
            "id": null,
            "span": {
              "start": 164,
              "end": 164,
              "source_index": 0
            }
          },
          {
            "kind": "Number",
            "id": null,
            "span": {
              "start": 165,
              "end": 165,
              "source_index": 0
            }
          },
          {
            "kind": "WhiteSpace",
            "id": null,
            "span": {
              "start": 166,
              "end": 167,
              "source_index": 0
            }
          },
          {
            "kind": "Placeholder",
            "id": 2,
            "span": {
              "start": 168,
              "end": 170,
              "source_index": 0
            }
          }
        ],
        "span": {
          "start": 158,
          "end": 170,
          "source_index": 0
        }
      },
      "scope": 2
    },
    {
      "stmt": {
        "tokens": [
          {
            "kind": "Ident",
            "id": null,
            "span": {
              "start": 144,
              "end": 145,
              "source_index": 0
            }
          },
          {
            "kind": "WhiteSpace",
            "id": null,
            "span": {
              "start": 146,
              "end": 146,
              "source_index": 0
            }
          },
          {
            "kind": "Ident",
            "id": null,
            "span": {
              "start": 147,
              "end": 148,
              "source_index": 0
            }
          },
          {
            "kind": "WhiteSpace",
            "id": null,
            "span": {
              "start": 149,
              "end": 149,
              "source_index": 0
            }
          },
          {
            "kind": "Ident",
            "id": null,
            "span": {
              "start": 150,
              "end": 152,
              "source_index": 0
            }
          },
          {
            "kind": "WhiteSpace",
            "id": null,
            "span": {
              "start": 153,
              "end": 153,
              "source_index": 0
            }
          },
          {
            "kind": "Placeholder",
            "id": 1,
            "span": {
              "start": 154,
              "end": 156,
              "source_index": 0
            }
          }
        ],
        "span": {
          "start": 144,
          "end": 156,
          "source_index": 0
        }
      },
      "scope": 3
    },
    {
      "stmt": {
        "tokens": [
          {
            "kind": "Ident",
            "id": null,
            "span": {
              "start": 158,
              "end": 159,
              "source_index": 0
            }
          },
          {
            "kind": "WhiteSpace",
            "id": null,
            "span": {
              "start": 160,
              "end": 160,
              "source_index": 0
            }
          },
          {
            "kind": "Ident",
            "id": null,
            "span": {
              "start": 161,
              "end": 163,
              "source_index": 0
            }
          },
          {
            "kind": "WhiteSpace",
            "id": null,
            "span": {
              "start": 164,
              "end": 164,
              "source_index": 0
            }
          },
          {
            "kind": "Number",
            "id": null,
            "span": {
              "start": 165,
              "end": 165,
              "source_index": 0
            }
          },
          {
            "kind": "WhiteSpace",
            "id": null,
            "span": {
              "start": 166,
              "end": 167,
              "source_index": 0
            }
          },
          {
            "kind": "Placeholder",
            "id": 2,
            "span": {
              "start": 168,
              "end": 170,
              "source_index": 0
            }
          }
        ],
        "span": {
          "start": 158,
          "end": 170,
          "source_index": 0
        }
      },
      "scope": 3
    }
  ]
}
