---
source: crates/spicy_parser/src/parser.rs
expression: deck
---
Deck {
    title: "stop after end",
    commands: [
        Op(
            OpCommand {
                span: Span {
                    start: 28,
                    end: 30,
                },
            },
        ),
    ],
    devices: [
        Resistor(
            Resistor {
                name: "R1",
                span: Span {
                    start: 15,
                    end: 26,
                },
                positive: Node {
                    name: "in",
                },
                negative: Node {
                    name: "out",
                },
                resistance: Value {
                    value: 1.0,
                    exponent: None,
                    suffix: Some(
                        Kilo,
                    ),
                },
                ac: None,
                m: None,
                scale: None,
                temp: None,
                dtemp: None,
                tc1: None,
                tc2: None,
                noisy: None,
            },
        ),
    ],
}
