---
source: crates/spicy_parser/src/instance_parser.rs
expression: deck
---
Deck {
    title: "waveforms coverage for independent sources",
    node_mapping: NodeMapping {
        node_mapping: {
            NodeName(
                "0",
            ): NodeIndex(
                0,
            ),
            NodeName(
                "in",
            ): NodeIndex(
                1,
            ),
            NodeName(
                "out",
            ): NodeIndex(
                2,
            ),
        },
        node_counter: 3,
        branch_mapping: {
            "V1": CurrentBranchIndex(
                1,
            ),
            "V2": CurrentBranchIndex(
                2,
            ),
            "V3": CurrentBranchIndex(
                3,
            ),
            "V4": CurrentBranchIndex(
                4,
            ),
            "V5": CurrentBranchIndex(
                5,
            ),
            "V6": CurrentBranchIndex(
                6,
            ),
            "V7": CurrentBranchIndex(
                7,
            ),
            "V8": CurrentBranchIndex(
                8,
            ),
        },
        branch_counter: 9,
    },
    commands: [],
    devices: Devices {
        resistors: [],
        capacitors: [],
        inductors: [],
        diodes: [],
        voltage_sources: [
            IndependentSourceSpec {
                name: "V1",
                positive: NodeIndex(
                    1,
                ),
                negative: NodeIndex(
                    0,
                ),
                current_branch: CurrentBranchIndex(
                    1,
                ),
                dc: Some(
                    Constant(
                        Value {
                            value: 10.0,
                            exponent: None,
                            suffix: Some(
                                Kilo,
                            ),
                        },
                    ),
                ),
                ac: None,
            },
            IndependentSourceSpec {
                name: "V1",
                positive: NodeIndex(
                    1,
                ),
                negative: NodeIndex(
                    0,
                ),
                current_branch: CurrentBranchIndex(
                    1,
                ),
                dc: Some(
                    Constant(
                        Value {
                            value: 10.0,
                            exponent: None,
                            suffix: Some(
                                Kilo,
                            ),
                        },
                    ),
                ),
                ac: None,
            },
            IndependentSourceSpec {
                name: "V1",
                positive: NodeIndex(
                    1,
                ),
                negative: NodeIndex(
                    0,
                ),
                current_branch: CurrentBranchIndex(
                    1,
                ),
                dc: Some(
                    Constant(
                        Value {
                            value: 10.0,
                            exponent: None,
                            suffix: Some(
                                Kilo,
                            ),
                        },
                    ),
                ),
                ac: Some(
                    Phasor {
                        mag: Value {
                            value: 3.0,
                            exponent: None,
                            suffix: None,
                        },
                        phase: Some(
                            Value {
                                value: 0.0,
                                exponent: None,
                                suffix: None,
                            },
                        ),
                    },
                ),
            },
            IndependentSourceSpec {
                name: "V1",
                positive: NodeIndex(
                    1,
                ),
                negative: NodeIndex(
                    0,
                ),
                current_branch: CurrentBranchIndex(
                    1,
                ),
                dc: Some(
                    Pulse {
                        voltage1: Value {
                            value: 0.0,
                            exponent: None,
                            suffix: None,
                        },
                        voltage2: Value {
                            value: 5.0,
                            exponent: None,
                            suffix: None,
                        },
                        delay: None,
                        rise_time: None,
                        fall_time: None,
                        pulse_width: None,
                        period: None,
                        number_of_pulses: None,
                    },
                ),
                ac: None,
            },
            IndependentSourceSpec {
                name: "V2",
                positive: NodeIndex(
                    1,
                ),
                negative: NodeIndex(
                    0,
                ),
                current_branch: CurrentBranchIndex(
                    2,
                ),
                dc: Some(
                    Pulse {
                        voltage1: Value {
                            value: 0.0,
                            exponent: None,
                            suffix: None,
                        },
                        voltage2: Value {
                            value: 5.0,
                            exponent: None,
                            suffix: None,
                        },
                        delay: Some(
                            Value {
                                value: 1.0,
                                exponent: None,
                                suffix: Some(
                                    Micro,
                                ),
                            },
                        ),
                        rise_time: Some(
                            Value {
                                value: 2.0,
                                exponent: None,
                                suffix: Some(
                                    Micro,
                                ),
                            },
                        ),
                        fall_time: Some(
                            Value {
                                value: 3.0,
                                exponent: None,
                                suffix: Some(
                                    Micro,
                                ),
                            },
                        ),
                        pulse_width: Some(
                            Value {
                                value: 10.0,
                                exponent: None,
                                suffix: Some(
                                    Micro,
                                ),
                            },
                        ),
                        period: None,
                        number_of_pulses: None,
                    },
                ),
                ac: None,
            },
            IndependentSourceSpec {
                name: "V3",
                positive: NodeIndex(
                    1,
                ),
                negative: NodeIndex(
                    0,
                ),
                current_branch: CurrentBranchIndex(
                    3,
                ),
                dc: Some(
                    Pulse {
                        voltage1: Value {
                            value: 0.0,
                            exponent: None,
                            suffix: None,
                        },
                        voltage2: Value {
                            value: 5.0,
                            exponent: None,
                            suffix: None,
                        },
                        delay: Some(
                            Value {
                                value: 1.0,
                                exponent: None,
                                suffix: Some(
                                    Micro,
                                ),
                            },
                        ),
                        rise_time: Some(
                            Value {
                                value: 2.0,
                                exponent: None,
                                suffix: Some(
                                    Micro,
                                ),
                            },
                        ),
                        fall_time: Some(
                            Value {
                                value: 2.0,
                                exponent: None,
                                suffix: Some(
                                    Micro,
                                ),
                            },
                        ),
                        pulse_width: Some(
                            Value {
                                value: 4.0,
                                exponent: None,
                                suffix: Some(
                                    Micro,
                                ),
                            },
                        ),
                        period: Some(
                            Value {
                                value: 10.0,
                                exponent: None,
                                suffix: Some(
                                    Micro,
                                ),
                            },
                        ),
                        number_of_pulses: Some(
                            3,
                        ),
                    },
                ),
                ac: None,
            },
            IndependentSourceSpec {
                name: "V4",
                positive: NodeIndex(
                    1,
                ),
                negative: NodeIndex(
                    0,
                ),
                current_branch: CurrentBranchIndex(
                    4,
                ),
                dc: Some(
                    Pulse {
                        voltage1: Value {
                            value: 0.0,
                            exponent: None,
                            suffix: None,
                        },
                        voltage2: Value {
                            value: 3.3,
                            exponent: None,
                            suffix: None,
                        },
                        delay: Some(
                            Value {
                                value: 5.0,
                                exponent: None,
                                suffix: Some(
                                    Nano,
                                ),
                            },
                        ),
                        rise_time: Some(
                            Value {
                                value: 1.0,
                                exponent: None,
                                suffix: Some(
                                    Nano,
                                ),
                            },
                        ),
                        fall_time: Some(
                            Value {
                                value: 1.0,
                                exponent: None,
                                suffix: Some(
                                    Nano,
                                ),
                            },
                        ),
                        pulse_width: Some(
                            Value {
                                value: 20.0,
                                exponent: None,
                                suffix: Some(
                                    Nano,
                                ),
                            },
                        ),
                        period: Some(
                            Value {
                                value: 50.0,
                                exponent: None,
                                suffix: Some(
                                    Nano,
                                ),
                            },
                        ),
                        number_of_pulses: None,
                    },
                ),
                ac: None,
            },
            IndependentSourceSpec {
                name: "V5",
                positive: NodeIndex(
                    1,
                ),
                negative: NodeIndex(
                    0,
                ),
                current_branch: CurrentBranchIndex(
                    5,
                ),
                dc: Some(
                    Sinusoidal {
                        offset: Value {
                            value: 0.0,
                            exponent: None,
                            suffix: None,
                        },
                        amplitude: Value {
                            value: 1.0,
                            exponent: None,
                            suffix: None,
                        },
                        frequency: None,
                        delay: None,
                        damping_factor: None,
                        phase: None,
                    },
                ),
                ac: None,
            },
            IndependentSourceSpec {
                name: "V6",
                positive: NodeIndex(
                    1,
                ),
                negative: NodeIndex(
                    0,
                ),
                current_branch: CurrentBranchIndex(
                    6,
                ),
                dc: Some(
                    Sinusoidal {
                        offset: Value {
                            value: 0.0,
                            exponent: None,
                            suffix: None,
                        },
                        amplitude: Value {
                            value: 2.0,
                            exponent: None,
                            suffix: None,
                        },
                        frequency: Some(
                            Value {
                                value: 1.0,
                                exponent: None,
                                suffix: Some(
                                    Kilo,
                                ),
                            },
                        ),
                        delay: Some(
                            Value {
                                value: 10.0,
                                exponent: None,
                                suffix: Some(
                                    Micro,
                                ),
                            },
                        ),
                        damping_factor: Some(
                            Value {
                                value: 100.0,
                                exponent: None,
                                suffix: None,
                            },
                        ),
                        phase: Some(
                            Value {
                                value: 45.0,
                                exponent: None,
                                suffix: None,
                            },
                        ),
                    },
                ),
                ac: None,
            },
            IndependentSourceSpec {
                name: "V7",
                positive: NodeIndex(
                    1,
                ),
                negative: NodeIndex(
                    0,
                ),
                current_branch: CurrentBranchIndex(
                    7,
                ),
                dc: Some(
                    Exponential {
                        initial_value: Value {
                            value: 0.0,
                            exponent: None,
                            suffix: None,
                        },
                        pulsed_value: Value {
                            value: 5.0,
                            exponent: None,
                            suffix: None,
                        },
                        rise_delay_time: None,
                        rise_time_constant: None,
                        fall_delay_time: None,
                        fall_time_constant: None,
                    },
                ),
                ac: None,
            },
            IndependentSourceSpec {
                name: "V8",
                positive: NodeIndex(
                    1,
                ),
                negative: NodeIndex(
                    0,
                ),
                current_branch: CurrentBranchIndex(
                    8,
                ),
                dc: Some(
                    Exponential {
                        initial_value: Value {
                            value: 0.0,
                            exponent: None,
                            suffix: None,
                        },
                        pulsed_value: Value {
                            value: 5.0,
                            exponent: None,
                            suffix: None,
                        },
                        rise_delay_time: Some(
                            Value {
                                value: 1.0,
                                exponent: None,
                                suffix: Some(
                                    Micro,
                                ),
                            },
                        ),
                        rise_time_constant: Some(
                            Value {
                                value: 2.0,
                                exponent: None,
                                suffix: Some(
                                    Micro,
                                ),
                            },
                        ),
                        fall_delay_time: Some(
                            Value {
                                value: 10.0,
                                exponent: None,
                                suffix: Some(
                                    Micro,
                                ),
                            },
                        ),
                        fall_time_constant: Some(
                            Value {
                                value: 3.0,
                                exponent: None,
                                suffix: Some(
                                    Micro,
                                ),
                            },
                        ),
                    },
                ),
                ac: None,
            },
        ],
        current_sources: [
            IndependentSourceSpec {
                name: "I1",
                positive: NodeIndex(
                    2,
                ),
                negative: NodeIndex(
                    0,
                ),
                current_branch: CurrentBranchIndex(
                    0,
                ),
                dc: Some(
                    Pulse {
                        voltage1: Value {
                            value: 1.0,
                            exponent: None,
                            suffix: Some(
                                Milli,
                            ),
                        },
                        voltage2: Value {
                            value: 2.0,
                            exponent: None,
                            suffix: Some(
                                Milli,
                            ),
                        },
                        delay: None,
                        rise_time: None,
                        fall_time: None,
                        pulse_width: None,
                        period: None,
                        number_of_pulses: None,
                    },
                ),
                ac: None,
            },
            IndependentSourceSpec {
                name: "I2",
                positive: NodeIndex(
                    2,
                ),
                negative: NodeIndex(
                    0,
                ),
                current_branch: CurrentBranchIndex(
                    0,
                ),
                dc: Some(
                    Sinusoidal {
                        offset: Value {
                            value: 0.0,
                            exponent: None,
                            suffix: None,
                        },
                        amplitude: Value {
                            value: 0.5,
                            exponent: None,
                            suffix: None,
                        },
                        frequency: Some(
                            Value {
                                value: 2.0,
                                exponent: None,
                                suffix: Some(
                                    Kilo,
                                ),
                            },
                        ),
                        delay: Some(
                            Value {
                                value: 1.0,
                                exponent: None,
                                suffix: Some(
                                    Micro,
                                ),
                            },
                        ),
                        damping_factor: Some(
                            Value {
                                value: 0.0,
                                exponent: None,
                                suffix: None,
                            },
                        ),
                        phase: Some(
                            Value {
                                value: 0.0,
                                exponent: None,
                                suffix: None,
                            },
                        ),
                    },
                ),
                ac: None,
            },
            IndependentSourceSpec {
                name: "I3",
                positive: NodeIndex(
                    2,
                ),
                negative: NodeIndex(
                    0,
                ),
                current_branch: CurrentBranchIndex(
                    0,
                ),
                dc: Some(
                    Exponential {
                        initial_value: Value {
                            value: 1.0,
                            exponent: None,
                            suffix: None,
                        },
                        pulsed_value: Value {
                            value: 4.0,
                            exponent: None,
                            suffix: None,
                        },
                        rise_delay_time: Some(
                            Value {
                                value: 5.0,
                                exponent: None,
                                suffix: Some(
                                    Nano,
                                ),
                            },
                        ),
                        rise_time_constant: Some(
                            Value {
                                value: 0.5,
                                exponent: None,
                                suffix: Some(
                                    Nano,
                                ),
                            },
                        ),
                        fall_delay_time: Some(
                            Value {
                                value: 1.0,
                                exponent: None,
                                suffix: Some(
                                    Micro,
                                ),
                            },
                        ),
                        fall_time_constant: Some(
                            Value {
                                value: 0.75,
                                exponent: None,
                                suffix: Some(
                                    Nano,
                                ),
                            },
                        ),
                    },
                ),
                ac: None,
            },
        ],
    },
}
